../Core/Src/slave_side.c:50:13:cs_low	8	static
../Core/Src/slave_side.c:55:13:cs_high	8	static
../Core/Src/slave_side.c:62:9:SX1278_Read	32	static
../Core/Src/slave_side.c:74:6:SX1278_Write	32	static
../Core/Src/slave_side.c:86:13:SX1278_Standby	8	static
../Core/Src/slave_side.c:94:6:SX1278_SetTx	8	static
../Core/Src/slave_side.c:103:6:SX1278_SetRx	8	static
../Core/Src/slave_side.c:114:6:SX1278_Init	8	static,ignoring_inline_asm
../Core/Src/slave_side.c:143:6:SX1278_Send	24	static
../Core/Src/slave_side.c:158:6:Slave_App_Init	8	static
../Core/Src/slave_side.c:164:6:process_command	16	static
../Core/Src/slave_side.c:205:6:SA818_Task	8	static
../Core/Src/slave_side.c:222:6:MOTOR_On	8	static
../Core/Src/slave_side.c:229:6:MOTOR_Off	8	static
../Core/Src/slave_side.c:236:6:Motor_Task	16	static
../Core/Src/slave_side.c:251:6:send_gps_packet	40	static
../Core/Src/slave_side.c:280:6:Radio_Task	16	static
../Core/Src/slave_side.c:312:6:SX1278_HandleRx	48	static
../Core/Src/slave_side.c:347:6:Telemetry_Task	8	static
